Archive member included to satisfy reference by file (symbol)

freertos/libfreertos.a(FreeRTOS-openocd.c.obj)
                              (uxTopUsedPriority)
esp32/libesp32.a(cpu_start.c.obj)
                              (call_start_cpu0)
esp32/libesp32.a(crosscore_int.c.obj)
                              esp32/libesp32.a(cpu_start.c.obj) (esp_crosscore_int_init)
esp32/libesp32.a(dbg_stubs.c.obj)
                              esp32/libesp32.a(cpu_start.c.obj) (esp_dbg_stubs_init)
esp32/libesp32.a(dport_access.c.obj)
                              esp32/libesp32.a(cpu_start.c.obj) (esp_dport_access_stall_other_cpu_start)
esp32/libesp32.a(dport_panic_highint_hdl.S.obj)
                              (ld_include_panic_highint_hdl)
esp32/libesp32.a(esp_timer.c.obj)
                              esp32/libesp32.a(cpu_start.c.obj) (esp_timer_init)
esp32/libesp32.a(esp_timer_esp32.c.obj)
                              esp32/libesp32.a(esp_timer.c.obj) (esp_timer_impl_get_time)
esp32/libesp32.a(int_wdt.c.obj)
                              esp32/libesp32.a(dport_panic_highint_hdl.S.obj) (int_wdt_app_cpu_ticked)
esp32/libesp32.a(intr_alloc.c.obj)
                              esp32/libesp32.a(esp_timer_esp32.c.obj) (esp_intr_enable)
esp32/libesp32.a(ipc.c.obj)   esp32/libesp32.a(intr_alloc.c.obj) (esp_ipc_call_blocking)
esp32/libesp32.a(panic.c.obj)
                              esp32/libesp32.a(cpu_start.c.obj) (abort)
esp32/libesp32.a(system_api.c.obj)
                              esp32/libesp32.a(panic.c.obj) (esp_restart_noos)
esp32/libesp32.a(task_wdt.c.obj)
                              esp32/libesp32.a(cpu_start.c.obj) (esp_task_wdt_init)
esp32/libesp32.a(brownout.c.obj)
                              esp32/libesp32.a(cpu_start.c.obj) (esp_brownout_init)
esp32/libesp32.a(cache_err_int.c.obj)
                              esp32/libesp32.a(cpu_start.c.obj) (esp_cache_err_int_init)
esp32/libesp32.a(clk.c.obj)   esp32/libesp32.a(cpu_start.c.obj) (esp_clk_init)
esp32/libesp32.a(esp_err_to_name.c.obj)
                              esp32/libesp32.a(panic.c.obj) (esp_err_to_name)
esp32/libesp32.a(freertos_hooks.c.obj)
                              esp32/libesp32.a(task_wdt.c.obj) (esp_register_freertos_idle_hook_for_cpu)
esp32/libesp32.a(pm_esp32.c.obj)
                              esp32/libesp32.a(freertos_hooks.c.obj) (esp_pm_impl_waiti)
esp32/libesp32.a(pm_locks.c.obj)
                              esp32/libesp32.a(pm_esp32.c.obj) (esp_pm_lock_create)
cxx/libcxx.a(cxx_exception_stubs.cpp.obj)
                              (__cxx_fatal_exception)
cxx/libcxx.a(cxx_guards.cpp.obj)
                              (__cxa_guard_dummy)
main/libmain.a(gpio_example_main.c.obj)
                              esp32/libesp32.a(cpu_start.c.obj) (app_main)
C:/Users/erind/OneDrive/Desktop/esp-idf/components/newlib/lib\libc.a(lib_a-assert.o)
                              esp32/libesp32.a(cpu_start.c.obj) (__assert_func)
C:/Users/erind/OneDrive/Desktop/esp-idf/components/newlib/lib\libc.a(lib_a-fiprintf.o)
                              C:/Users/erind/OneDrive/Desktop/esp-idf/components/newlib/lib\libc.a(lib_a-assert.o) (fiprintf)
C:/Users/erind/OneDrive/Desktop/esp-idf/components/newlib/lib\libc.a(lib_a-fopen.o)
                              esp32/libesp32.a(cpu_start.c.obj) (fopen)
C:/Users/erind/OneDrive/Desktop/esp-idf/components/newlib/lib\libc.a(lib_a-fputs.o)
                              esp32/libesp32.a(esp_timer.c.obj) (fputs)
C:/Users/erind/OneDrive/Desktop/esp-idf/components/newlib/lib\libc.a(lib_a-fseek.o)
                              C:/Users/erind/OneDrive/Desktop/esp-idf/components/newlib/lib\libc.a(lib_a-fopen.o) (_fseek_r)
C:/Users/erind/OneDrive/Desktop/esp-idf/components/newlib/lib\libc.a(lib_a-fseeko.o)
                              C:/Users/erind/OneDrive/Desktop/esp-idf/components/newlib/lib\libc.a(lib_a-fseek.o) (_fseeko_r)
C:/Users/erind/OneDrive/Desktop/esp-idf/components/newlib/lib\libc.a(lib_a-printf.o)
                              cxx/libcxx.a(cxx_exception_stubs.cpp.obj) (printf)
C:/Users/erind/OneDrive/Desktop/esp-idf/components/newlib/lib\libc.a(lib_a-puts.o)
                              main/libmain.a(gpio_example_main.c.obj) (puts)
C:/Users/erind/OneDrive/Desktop/esp-idf/components/newlib/lib\libc.a(lib_a-snprintf.o)
                              esp32/libesp32.a(esp_timer.c.obj) (snprintf)
C:/Users/erind/OneDrive/Desktop/esp-idf/components/newlib/lib\libc.a(lib_a-svfprintf.o)
                              C:/Users/erind/OneDrive/Desktop/esp-idf/components/newlib/lib\libc.a(lib_a-snprintf.o) (_svfprintf_r)
C:/Users/erind/OneDrive/Desktop/esp-idf/components/newlib/lib\libc.a(lib_a-vfiprintf.o)
                              C:/Users/erind/OneDrive/Desktop/esp-idf/components/newlib/lib\libc.a(lib_a-fiprintf.o) (_vfiprintf_r)
C:/Users/erind/OneDrive/Desktop/esp-idf/components/newlib/lib\libc.a(lib_a-vfprintf.o)
[...]
Memory Configuration

Name             Origin             Length             Attributes
iram0_0_seg      0x40080000         0x00020000         xr
iram0_2_seg      0x400d0018         0x0032ffe8         xr
dram0_0_seg      0x3ffb0000         0x0002c200         rw
drom0_0_seg      0x3f400018         0x003fffe8         r
rtc_iram_seg     0x400c0000         0x00002000         xrw
rtc_data_seg     0x3ff80000         0x00002000         rw
rtc_slow_seg     0x50000000         0x00001000         rw
extern_ram_seg   0x3f800000         0x00400000         xrw
*default*        0x00000000         0xffffffff

Linker script and memory map

LOAD CMakeFiles/gpio.elf.dir/dummy_main_src.c.obj
START GROUP
LOAD soc/libsoc.a
LOAD log/liblog.a
LOAD heap/libheap.a
LOAD xtensa-debug-module/libxtensa-debug-module.a
LOAD app_trace/libapp_trace.a
LOAD freertos/libfreertos.a
LOAD vfs/libvfs.a
LOAD newlib/libnewlib.a
LOAD esp_ringbuf/libesp_ringbuf.a
LOAD driver/libdriver.a
LOAD esp_event/libesp_event.a
LOAD ethernet/libethernet.a
LOAD lwip/liblwip.a
LOAD tcpip_adapter/libtcpip_adapter.a
LOAD app_update/libapp_update.a
LOAD spi_flash/libspi_flash.a
LOAD mbedtls/libmbedtls.a
LOAD micro-ecc/libmicro-ecc.a
LOAD bootloader_support/libbootloader_support.a
LOAD nvs_flash/libnvs_flash.a
LOAD pthread/libpthread.a
LOAD smartconfig_ack/libsmartconfig_ack.a
LOAD wpa_supplicant/libwpa_supplicant.a
LOAD esp32/libesp32.a
LOAD cxx/libcxx.a
LOAD asio/libasio.a
LOAD jsmn/libjsmn.a
LOAD coap/libcoap.a
LOAD console/libconsole.a
LOAD nghttp/libnghttp.a
LOAD esp-tls/libesp-tls.a
LOAD esp_adc_cal/libesp_adc_cal.a
LOAD tcp_transport/libtcp_transport.a
LOAD esp_http_client/libesp_http_client.a
LOAD esp_http_server/libesp_http_server.a
LOAD esp_https_ota/libesp_https_ota.a
LOAD expat/libexpat.a
LOAD wear_levelling/libwear_levelling.a
LOAD sdmmc/libsdmmc.a
LOAD fatfs/libfatfs.a
LOAD freemodbus/libfreemodbus.a
LOAD json/libjson.a
LOAD libsodium/liblibsodium.a
LOAD mdns/libmdns.a
LOAD mqtt/libmqtt.a
LOAD openssl/libopenssl.a
LOAD protobuf-c/libprotobuf-c.a
LOAD protocomm/libprotocomm.a
LOAD spiffs/libspiffs.a
LOAD ulp/libulp.a
LOAD wifi_provisioning/libwifi_provisioning.a
LOAD main/libmain.a
LOAD c:/users/erind/.espressif/tools/xtensa-esp32-elf/1.22.0-80-g6c4433a5-5.2.0/xtensa-esp32-elf/bin/../lib/gcc/xtensa-esp32-elf/5.2.0\libgcov.a
LOAD C:/Users/erind/OneDrive/Desktop/esp-idf/components/newlib/lib\libc.a
LOAD C:/Users/erind/OneDrive/Desktop/esp-idf/components/newlib/lib\libm.a
LOAD C:/Users/erind/OneDrive/Desktop/esp-idf/components/esp32/lib\libcoexist.a
LOAD C:/Users/erind/OneDrive/Desktop/esp-idf/components/esp32/lib\libcore.a
LOAD C:/Users/erind/OneDrive/Desktop/esp-idf/components/esp32/lib\libespnow.a
LOAD C:/Users/erind/OneDrive/Desktop/esp-idf/components/esp32/lib\libmesh.a
LOAD C:/Users/erind/OneDrive/Desktop/esp-idf/components/esp32/lib\libnet80211.a
LOAD C:/Users/erind/OneDrive/Desktop/esp-idf/components/esp32/lib\libphy.a
LOAD C:/Users/erind/OneDrive/Desktop/esp-idf/components/esp32/lib\libpp.a
LOAD C:/Users/erind/OneDrive/Desktop/esp-idf/components/esp32/lib\librtc.a
LOAD C:/Users/erind/OneDrive/Desktop/esp-idf/components/esp32/lib\libsmartconfig.a
LOAD C:/Users/erind/OneDrive/Desktop/esp-idf/components/esp32/lib\libwpa2.a
LOAD C:/Users/erind/OneDrive/Desktop/esp-idf/components/esp32/lib\libwpa.a
LOAD C:/Users/erind/OneDrive/Desktop/esp-idf/components/esp32/lib\libwps.a
LOAD C:/Users/erind/OneDrive/Desktop/esp-idf/components/esp32/libhal.a
LOAD c:/users/erind/.espressif/tools/xtensa-esp32-elf/1.22.0-80-g6c4433a5-5.2.0/xtensa-esp32-elf/bin/../lib/gcc/xtensa-esp32-elf/5.2.0\libgcc.a
LOAD c:/users/erind/.espressif/tools/xtensa-esp32-elf/1.22.0-80-g6c4433a5-5.2.0/xtensa-esp32-elf/bin/../lib/gcc/xtensa-esp32-elf/5.2.0/../../../../xtensa-esp32-elf/lib\libstdc++.a
                0x40000000                _heap_end = 0x40000000
                0x3ff80000                _data_seg_org = ORIGIN (rtc_data_seg)

.rtc.text       0x400c0000        0x0
                0x400c0000                . = ALIGN (0x4)
 *(.rtc.literal .rtc.text)
 *rtc_wake_stub*.*(.literal .text .literal.* .text.*)
                0x400c0000                _rtc_text_end = ABSOLUTE (.)

.rtc.dummy      0x3ff80000        0x0
                0x3ff80000                _rtc_dummy_start = ABSOLUTE (.)
                0x3ff80000                _rtc_fast_start = ABSOLUTE (.)
                0x00000000                . = SIZEOF (.rtc.text)
                0x00000000                _rtc_dummy_end = ABSOLUTE (.)

.rtc.force_fast
                0x3ff80000        0x0
                0x3ff80000                . = ALIGN (0x4)
                0x3ff80000                _rtc_force_fast_start = ABSOLUTE (.)
 *(.rtc.force_fast .rtc.force_fast.*)
                0x3ff80000                . = ALIGN (0x4)
                0x3ff80000                _rtc_force_fast_end = ABSOLUTE (.)

.rtc.data       0x50000000        0x0
                0x50000000                _rtc_data_start = ABSOLUTE (.)
 *(.rtc.data)
 *(.rtc.rodata)
 *rtc_wake_stub*.*(.data .rodata .data.* .rodata.* .bss .bss.*)
                0x50000000                _rtc_data_end = ABSOLUTE (.)

.rtc.bss        0x50000000        0x0
                0x50000000                _rtc_bss_start = ABSOLUTE (.)
 *rtc_wake_stub*.*(.bss .bss.*)
 *rtc_wake_stub*.*(COMMON)
 *(.rtc.bss)
                0x50000000                _rtc_bss_end = ABSOLUTE (.)

.rtc_noinit     0x50000000        0x0
                0x50000000                . = ALIGN (0x4)
                0x50000000                _rtc_noinit_start = ABSOLUTE (.)
 *(.rtc_noinit .rtc_noinit.*)
                0x50000000                . = ALIGN (0x4)
                0x50000000                _rtc_noinit_end = ABSOLUTE (.)

.rtc.force_slow
                0x50000000        0x0
                0x50000000                . = ALIGN (0x4)
                0x50000000                _rtc_force_slow_start = ABSOLUTE (.)
 *(.rtc.force_slow .rtc.force_slow.*)
                0x50000000                . = ALIGN (0x4)
                0x50000000                _rtc_force_slow_end = ABSOLUTE (.)
                0x00000000                _rtc_slow_length = (ORIGIN (rtc_slow_seg) == ORIGIN (rtc_data_location))?(_rtc_force_slow_end - _rtc_data_start):(_rtc_force_slow_end - _rtc_force_slow_start)
                0x00000000                _rtc_fast_length = (ORIGIN (rtc_slow_seg) == ORIGIN (rtc_data_location))?(_rtc_force_fast_end - _rtc_fast_start):(_rtc_noinit_end - _rtc_fast_start)
                0x00000001                ASSERT ((_rtc_slow_length <= 0x1000), RTC_SLOW segment data does not fit.)
                0x00000001                ASSERT ((_rtc_fast_length <= 0x2000), RTC_FAST segment data does not fit.)

.iram0.vectors  0x40080000      0x400
                0x40080000                _iram_start = ABSOLUTE (.)
                0x40080000                _init_start = ABSOLUTE (.)
                0x00000000                . = 0x0
 *(.WindowVectors.text)
 .WindowVectors.text
                0x40080000      0x16a freertos/libfreertos.a(xtensa_vectors.S.obj)
                0x40080000                _WindowOverflow4
                0x40080040                _WindowUnderflow4
                0x40080050                _xt_alloca_exc
                0x40080080                _WindowOverflow8
                0x400800c0                _WindowUnderflow8
                0x40080100                _WindowOverflow12
                0x40080140                _WindowUnderflow12
                0x00000180                . = 0x180
 *fill*         0x4008016a       0x16 
 *(.Level2InterruptVector.text)
 .Level2InterruptVector.text
                0x40080180        0x6 freertos/libfreertos.a(xtensa_vectors.S.obj)
                                  0x9 (size before relaxing)
                0x40080180                _Level2Vector
                0x000001c0                . = 0x1c0
 *fill*         0x40080186       0x3a 
 *(.Level3InterruptVector.text)
 .Level3InterruptVector.text
                0x400801c0        0x6 freertos/libfreertos.a(xtensa_vectors.S.obj)
                                  0x9 (size before relaxing)
                0x400801c0                _Level3Vector
                0x00000200                . = 0x200
 *fill*         0x400801c6       0x3a 
 *(.Level4InterruptVector.text)
 .Level4InterruptVector.text
                0x40080200        0x6 freertos/libfreertos.a(xtensa_vectors.S.obj)
                                  0x9 (size before relaxing)
                0x40080200                _Level4Vector
                0x00000240                . = 0x240
 *fill*         0x40080206       0x3a 
 *(.Level5InterruptVector.text)
 .Level5InterruptVector.text
                0x40080240        0x6 freertos/libfreertos.a(xtensa_vectors.S.obj)
                                  0x9 (size before relaxing)
                0x40080240                _Level5Vector
                0x00000280                . = 0x280
 *fill*         0x40080246       0x3a 
 *(.DebugExceptionVector.text)
 .DebugExceptionVector.text
                0x40080280        0x6 freertos/libfreertos.a(xtensa_vectors.S.obj)
                                  0x9 (size before relaxing)
                0x40080280                _DebugExceptionVector
                0x000002c0                . = 0x2c0
 *fill*         0x40080286       0x3a 
 *(.NMIExceptionVector.text)
 .NMIExceptionVector.text
                0x400802c0        0x6 freertos/libfreertos.a(xtensa_vectors.S.obj)
                                  0x9 (size before relaxing)
                0x400802c0                _NMIExceptionVector
                0x00000300                . = 0x300
 *fill*         0x400802c6       0x3a 
 *(.KernelExceptionVector.text)
 .KernelExceptionVector.text
                0x40080300        0x6 freertos/libfreertos.a(xtensa_vectors.S.obj)
                                  0x9 (size before relaxing)
                0x40080300                _KernelExceptionVector
                0x00000340                . = 0x340
 *fill*         0x40080306       0x3a 
 *(.UserExceptionVector.text)
 .UserExceptionVector.text
                0x40080340        0x6 freertos/libfreertos.a(xtensa_vectors.S.obj)
                                  0x9 (size before relaxing)
                0x40080340                _UserExceptionVector
                0x000003c0                . = 0x3c0
 *fill*         0x40080346       0x7a 
 *(.DoubleExceptionVector.text)
 .DoubleExceptionVector.text
                0x400803c0        0xe freertos/libfreertos.a(xtensa_vectors.S.obj)
                                 0x11 (size before relaxing)
                0x400803c0                _DoubleExceptionVector
                0x00000400                . = 0x400
 *fill*         0x400803ce       0x32 
 *(.*Vector.literal)
 .DebugExceptionVector.literal
                0x40080400        0x0 freertos/libfreertos.a(xtensa_vectors.S.obj)
                                  0x4 (size before relaxing)
 .DoubleExceptionVector.literal
                0x40080400        0x0 freertos/libfreertos.a(xtensa_vectors.S.obj)
                                  0x4 (size before relaxing)
 .KernelExceptionVector.literal
                0x40080400        0x0 freertos/libfreertos.a(xtensa_vectors.S.obj)
                                  0x4 (size before relaxing)
 .UserExceptionVector.literal
                0x40080400        0x0 freertos/libfreertos.a(xtensa_vectors.S.obj)
                                  0x4 (size before relaxing)
 .Level2InterruptVector.literal
                0x40080400        0x0 freertos/libfreertos.a(xtensa_vectors.S.obj)
                                  0x4 (size before relaxing)
 .Level3InterruptVector.literal
                0x40080400        0x0 freertos/libfreertos.a(xtensa_vectors.S.obj)
                                  0x4 (size before relaxing)
 .Level4InterruptVector.literal
                0x40080400        0x0 freertos/libfreertos.a(xtensa_vectors.S.obj)
                                  0x4 (size before relaxing)
 .Level5InterruptVector.literal
                0x40080400        0x0 freertos/libfreertos.a(xtensa_vectors.S.obj)
                                  0x4 (size before relaxing)
 .NMIExceptionVector.literal
                0x40080400        0x0 freertos/libfreertos.a(xtensa_vectors.S.obj)
                                  0x4 (size before relaxing)
 *(.UserEnter.literal)
 *(.UserEnter.text)
                0x40080400                . = ALIGN (0x10)
 *fill*         0x40080400        0x0 
 *(.entry.text)
 *(.init.literal)
 *(.init)
                0x40080400                _init_end = ABSOLUTE (.)

.iram0.text     0x40080400     0x9218
                0x40080400                _iram_text_start = ABSOLUTE (.)
 *(.iram1 .iram1.*)
 .iram1.literal
                0x40080400       0xb4 esp32/libesp32.a(cpu_start.c.obj)
                                0x1dc (size before relaxing)
 .iram1.literal
                0x400804b4       0x1c esp32/libesp32.a(crosscore_int.c.obj)
                                 0x40 (size before relaxing)
 .iram1.literal
                0x400804d0       0x38 esp32/libesp32.a(dport_access.c.obj)
                                 0x88 (size before relaxing)
 .iram1.literal
                0x40080508       0x14 esp32/libesp32.a(dport_panic_highint_hdl.S.obj)
                                 0x34 (size before relaxing)
 .iram1.literal
                0x4008051c       0x28 esp32/libesp32.a(esp_timer.c.obj)
                                 0x60 (size before relaxing)
 .iram1.literal
                0x40080544       0x54 esp32/libesp32.a(esp_timer_esp32.c.obj)
                                 0xe8 (size before relaxing)
 .iram1.literal
                0x40080598        0x8 esp32/libesp32.a(int_wdt.c.obj)
                                  0xc (size before relaxing)
 .iram1.literal
                0x400805a0       0x20 esp32/libesp32.a(intr_alloc.c.obj)
                                 0x7c (size before relaxing)
 .iram1.literal
                0x400805c0       0x20 esp32/libesp32.a(ipc.c.obj)
                                 0x34 (size before relaxing)
 .iram1.literal
                0x400805e0       0x44 esp32/libesp32.a(system_api.c.obj)
                                 0xb8 (size before relaxing)
 .iram1.literal
                0x40080624        0xc esp32/libesp32.a(cache_err_int.c.obj)
                                 0x18 (size before relaxing)
 .iram1.literal
                0x40080630        0xc esp32/libesp32.a(clk.c.obj)
                                 0x20 (size before relaxing)
 .iram1.literal
                0x4008063c        0x4 esp32/libesp32.a(freertos_hooks.c.obj)
 .iram1.literal
                0x40080640        0x4 main/libmain.a(gpio_example_main.c.obj)
                                  0x8 (size before relaxing)
 .iram1.literal
                0x40080644       0x1c soc/libsoc.a(cpu_util.c.obj)
                                 0x30 (size before relaxing)
 .iram1.literal
                0x40080660       0x24 log/liblog.a(log.c.obj)
                                 0x48 (size before relaxing)
 .iram1.literal
                0x40080684       0x58 heap/libheap.a(heap_caps.c.obj)
                                 0xbc (size before relaxing)
 .iram1.literal
                0x400806dc        0x4 freertos/libfreertos.a(port.c.obj)
 .iram1.literal
                0x400806e0       0x44 freertos/libfreertos.a(xtensa_vectors.S.obj)
                                 0xa8 (size before relaxing)
 .iram1.literal
                0x40080724        0x0 freertos/libfreertos.a(xtensa_vector_defaults.S.obj)
                                  0x4 (size before relaxing)
 .iram1.literal
                0x40080724       0x14 newlib/libnewlib.a(locks.c.obj)
                                 0x90 (size before relaxing)
 .iram1.literal
                0x40080738        0x8 newlib/libnewlib.a(reent_init.c.obj)
                                 0x10 (size before relaxing)
 .iram1.literal
                0x40080740        0x4 newlib/libnewlib.a(syscalls.c.obj)
                                 0x14 (size before relaxing)
 .iram1.literal
                0x40080744        0x4 newlib/libnewlib.a(time.c.obj)
                                 0x1c (size before relaxing)
 .iram1.literal
                0x40080748        0x8 driver/libdriver.a(gpio.c.obj)
 .iram1.literal
                0x40080750       0x50 spi_flash/libspi_flash.a(cache_utils.c.obj)
                                0x120 (size before relaxing)
 .iram1.literal
                0x400807a0       0x38 spi_flash/libspi_flash.a(flash_ops.c.obj)
                                 0xd8 (size before relaxing)
 .iram1.literal
                0x400807d8       0x50 spi_flash/libspi_flash.a(flash_mmap.c.obj)
                                0x170 (size before relaxing)
 .literal.prvGetFreeSize
                0x40080828        0xc esp_ringbuf/libesp_ringbuf.a(ringbuf.c.obj)
                                 0x14 (size before relaxing)
 .literal.prvReceiveGeneric
                0x40080834        0x4 esp_ringbuf/libesp_ringbuf.a(ringbuf.c.obj)
                                 0x3c (size before relaxing)
 .literal.xRingbufferSend
                0x40080838        0x4 esp_ringbuf/libesp_ringbuf.a(ringbuf.c.obj)
                                 0x40 (size before relaxing)
 .literal.xRingbufferReceive
                0x4008083c        0x4 esp_ringbuf/libesp_ringbuf.a(ringbuf.c.obj)
                                 0x18 (size before relaxing)
 .literal.vRingbufferReturnItem
                0x40080840        0x4 esp_ringbuf/libesp_ringbuf.a(ringbuf.c.obj)
                                 0x28 (size before relaxing)
 .literal.vPortTaskWrapper
                0x40080844        0x8 freertos/libfreertos.a(port.c.obj)
                                 0x18 (size before relaxing)
 .literal.pxPortInitialiseStack
                0x4008084c       0x14 freertos/libfreertos.a(port.c.obj)
                                 0x1c (size before relaxing)
 .literal.xPortStartScheduler
                0x40080860        0x0 freertos/libfreertos.a(port.c.obj)
                                 0x14 (size before relaxing)
 .literal.xPortSysTickHandler
                0x40080860        0x0 freertos/libfreertos.a(port.c.obj)
                                  0x8 (size before relaxing)
 .literal.vPortYieldOtherCore
                0x40080860        0x0 freertos/libfreertos.a(port.c.obj)
                                  0x4 (size before relaxing)
 .literal.vPortReleaseTaskMPUSettings
                0x40080860        0x0 freertos/libfreertos.a(port.c.obj)
                                  0x4 (size before relaxing)
 .literal.xPortInIsrContext
                0x40080860        0x0 freertos/libfreertos.a(port.c.obj)
                                  0x8 (size before relaxing)
 .literal.vPortCPUInitializeMutex
                0x40080860        0x4 freertos/libfreertos.a(port.c.obj)
 .literal.vPortCPUAcquireMutex
                0x40080864       0x1c freertos/libfreertos.a(port.c.obj)
                                 0x30 (size before relaxing)
 .literal.vPortCPUReleaseMutex
                0x40080880        0xc freertos/libfreertos.a(port.c.obj)
                                 0x20 (size before relaxing)
 .literal       0x4008088c       0x10 freertos/libfreertos.a(portasm.S.obj)
                                 0x74 (size before relaxing)
 .literal.prvIsQueueFull
                0x4008089c        0x0 freertos/libfreertos.a(queue.c.obj)
                                  0x8 (size before relaxing)
 .literal.prvCopyDataToQueue
                0x4008089c        0x0 freertos/libfreertos.a(queue.c.obj)
                                  0xc (size before relaxing)
 .literal.prvNotifyQueueSetContainer
                0x4008089c       0x14 freertos/libfreertos.a(queue.c.obj)
                                 0x34 (size before relaxing)
 .literal.prvCopyDataFromQueue
                0x400808b0        0x0 freertos/libfreertos.a(queue.c.obj)
                                  0x4 (size before relaxing)
 .literal.xQueueGenericReset
                0x400808b0        0x4 freertos/libfreertos.a(queue.c.obj)
                                 0x30 (size before relaxing)
 .literal.prvInitialiseNewQueue
                0x400808b4        0x0 freertos/libfreertos.a(queue.c.obj)
                                  0x4 (size before relaxing)
 .literal.xQueueGenericCreate
                0x400808b4        0x4 freertos/libfreertos.a(queue.c.obj)
                                 0x1c (size before relaxing)
 .literal.xQueueGetMutexHolder
                0x400808b8        0x0 freertos/libfreertos.a(queue.c.obj)
                                  0x8 (size before relaxing)
 .literal.xQueueCreateCountingSemaphore
                0x400808b8        0x4 freertos/libfreertos.a(queue.c.obj)
                                 0x28 (size before relaxing)
 .literal.xQueueGenericSend
                0x400808bc        0x4 freertos/libfreertos.a(queue.c.obj)
                                 0x7c (size before relaxing)
 .literal.prvInitialiseMutex
                0x400808c0        0x0 freertos/libfreertos.a(queue.c.obj)
                                  0x8 (size before relaxing)
 .literal.xQueueCreateMutex
                0x400808c0        0x0 freertos/libfreertos.a(queue.c.obj)
                                  0x8 (size before relaxing)
 .literal.xQueueGiveMutexRecursive
                0x400808c0        0x4 freertos/libfreertos.a(queue.c.obj)
                                 0x1c (size before relaxing)
 .literal.xQueueGenericSendFromISR
                0x400808c4        0x4 freertos/libfreertos.a(queue.c.obj)
                                 0x3c (size before relaxing)
 .literal.xQueueGiveFromISR
                0x400808c8        0x4 freertos/libfreertos.a(queue.c.obj)
                                 0x30 (size before relaxing)
 .literal.xQueueGenericReceive
                0x400808cc        0x4 freertos/libfreertos.a(queue.c.obj)
                                 0x78 (size before relaxing)
 .literal.xQueueTakeMutexRecursive
                0x400808d0        0x4 freertos/libfreertos.a(queue.c.obj)
                                 0x1c (size before relaxing)
 .literal.xQueueReceiveFromISR
                0x400808d4        0x4 freertos/libfreertos.a(queue.c.obj)
                                 0x30 (size before relaxing)
 .literal.vQueueDelete
                0x400808d8        0x4 freertos/libfreertos.a(queue.c.obj)
                                 0x18 (size before relaxing)
 .literal.vQueueWaitForMessageRestricted
                0x400808dc        0x0 freertos/libfreertos.a(queue.c.obj)
                                  0xc (size before relaxing)
 .literal.prvResetNextTaskUnblockTime
                0x400808dc        0x8 freertos/libfreertos.a(tasks.c.obj)
 .literal.prvDeleteTLS
                0x400808e4       0x10 freertos/libfreertos.a(tasks.c.obj)
                                 0x18 (size before relaxing)
 .literal.prvInitialiseNewTask
                0x400808f4        0x0 freertos/libfreertos.a(tasks.c.obj)
                                 0x18 (size before relaxing)
 .literal.prvInitialiseTaskLists
                0x400808f4       0x20 freertos/libfreertos.a(tasks.c.obj)
                                 0x40 (size before relaxing)
 .literal.prvDeleteTCB
                0x40080914        0x8 freertos/libfreertos.a(tasks.c.obj)
                                 0x2c (size before relaxing)
 .literal.prvAddCurrentTaskToDelayedList
                0x4008091c        0x4 freertos/libfreertos.a(tasks.c.obj)
                                 0x1c (size before relaxing)
 .literal.taskYIELD_OTHER_CORE
                0x40080920        0x0 freertos/libfreertos.a(tasks.c.obj)
                                 0x10 (size before relaxing)
 .literal.vTaskSuspendAll
                0x40080920        0x4 freertos/libfreertos.a(tasks.c.obj)
                                  0x8 (size before relaxing)
 .literal.xTaskGetTickCount
                0x40080924        0x0 freertos/libfreertos.a(tasks.c.obj)
                                  0x4 (size before relaxing)
 .literal.xTaskGetIdleTaskHandleForCPU
                0x40080924        0xc freertos/libfreertos.a(tasks.c.obj)
                                 0x1c (size before relaxing)
 .literal.vTaskSwitchContext
                0x40080930       0x18 freertos/libfreertos.a(tasks.c.obj)
                                 0x3c (size before relaxing)
 .literal.vTaskSetTimeOutState
                0x40080948        0xc freertos/libfreertos.a(tasks.c.obj)
                                 0x20 (size before relaxing)
 .literal.xTaskGetCurrentTaskHandle
                0x40080954        0x0 freertos/libfreertos.a(tasks.c.obj)
                                  0x8 (size before relaxing)
 .literal.__getreent
                0x40080954        0x0 freertos/libfreertos.a(tasks.c.obj)
                                  0x8 (size before relaxing)
 .literal.pcTaskGetTaskName
                0x40080954        0x8 freertos/libfreertos.a(tasks.c.obj)
                                 0x1c (size before relaxing)
 .literal.xTaskGetAffinity
                0x4008095c        0x0 freertos/libfreertos.a(tasks.c.obj)
                                  0x4 (size before relaxing)
 .literal.xTaskGetCurrentTaskHandleForCPU
                0x4008095c        0x0 freertos/libfreertos.a(tasks.c.obj)
                                  0x4 (size before relaxing)
 .literal.xTaskGetSchedulerState
                0x4008095c        0x4 freertos/libfreertos.a(tasks.c.obj)
                                  0xc (size before relaxing)
 .literal.vTaskEnterCritical
                0x40080960       0x14 freertos/libfreertos.a(tasks.c.obj)
                                 0x34 (size before relaxing)
 .literal.vTaskExitCritical
                0x40080974        0xc freertos/libfreertos.a(tasks.c.obj)
                                 0x28 (size before relaxing)
 .literal.prvAddNewTaskToReadyList
                0x40080980       0x10 freertos/libfreertos.a(tasks.c.obj)
                                 0x58 (size before relaxing)
 .literal.xTaskCreatePinnedToCore
                0x40080990        0x0 freertos/libfreertos.a(tasks.c.obj)
                                 0x18 (size before relaxing)
 .literal.vTaskStartScheduler
                0x40080990       0x10 freertos/libfreertos.a(tasks.c.obj)
                                 0x3c (size before relaxing)
 .literal.vTaskDelete
                0x400809a0        0x8 freertos/libfreertos.a(tasks.c.obj)
                                 0x60 (size before relaxing)
 .literal.vTaskDelay
                0x400809a8        0x4 freertos/libfreertos.a(tasks.c.obj)
                                 0x38 (size before relaxing)
 .literal.uxTaskPriorityGet
                0x400809ac        0x0 freertos/libfreertos.a(tasks.c.obj)
                                 0x10 (size before relaxing)
 .literal.vTaskPrioritySet
                0x400809ac        0x4 freertos/libfreertos.a(tasks.c.obj)
                                 0x44 (size before relaxing)
 .literal.prvCheckTasksWaitingTermination
                0x400809b0        0x8 freertos/libfreertos.a(tasks.c.obj)
                                 0x30 (size before relaxing)
 .literal.prvIdleTask
                0x400809b8        0x0 freertos/libfreertos.a(tasks.c.obj)
                                  0x8 (size before relaxing)
 .literal.xTaskIncrementTick
                0x400809b8        0xc freertos/libfreertos.a(tasks.c.obj)
                                 0x6c (size before relaxing)
 .literal.xTaskResumeAll
                0x400809c4        0x8 freertos/libfreertos.a(tasks.c.obj)
                                 0x5c (size before relaxing)
 .literal.vTaskPlaceOnEventList
                0x400809cc        0x8 freertos/libfreertos.a(tasks.c.obj)
                                 0x40 (size before relaxing)
 .literal.vTaskPlaceOnEventListRestricted
                0x400809d4        0x8 freertos/libfreertos.a(tasks.c.obj)
                                 0x38 (size before relaxing)
 .literal.xTaskRemoveFromEventList
                0x400809dc        0x8 freertos/libfreertos.a(tasks.c.obj)
                                 0x58 (size before relaxing)
 .literal.xTaskCheckForTimeOut
                0x400809e4        0xc freertos/libfreertos.a(tasks.c.obj)
                                 0x3c (size before relaxing)
 .literal.vTaskPriorityInherit
                0x400809f0        0x0 freertos/libfreertos.a(tasks.c.obj)
                                 0x28 (size before relaxing)
 .literal.xTaskPriorityDisinherit
                0x400809f0        0x8 freertos/libfreertos.a(tasks.c.obj)
                                 0x3c (size before relaxing)
 .literal.pvTaskIncrementMutexHeldCount
                0x400809f8        0x0 freertos/libfreertos.a(tasks.c.obj)
                                 0x10 (size before relaxing)
 .literal.prvGetNextExpireTime
                0x400809f8        0x4 freertos/libfreertos.a(timers.c.obj)
 .literal.prvInsertTimerInActiveList
                0x400809fc        0x4 freertos/libfreertos.a(timers.c.obj)
                                 0x10 (size before relaxing)
 .literal.prvCheckForValidListAndQueue
                0x40080a00       0x1c freertos/libfreertos.a(timers.c.obj)
                                 0x44 (size before relaxing)
 .literal.xTimerCreateTimerTask
                0x40080a1c        0xc freertos/libfreertos.a(timers.c.obj)
                                 0x2c (size before relaxing)
 .literal.xTimerGenericCommand
                0x40080a28        0x0 freertos/libfreertos.a(timers.c.obj)
                                 0x14 (size before relaxing)
 .literal.prvSwitchTimerLists
                0x40080a28        0x4 freertos/libfreertos.a(timers.c.obj)
                                 0x28 (size before relaxing)
 .literal.prvSampleTimeNow
                0x40080a2c        0x4 freertos/libfreertos.a(timers.c.obj)
                                  0xc (size before relaxing)
 .literal.prvProcessExpiredTimer
                0x40080a30        0x4 freertos/libfreertos.a(timers.c.obj)
                                 0x24 (size before relaxing)
 .literal.prvProcessTimerOrBlockTask
                0x40080a34        0x0 freertos/libfreertos.a(timers.c.obj)
                                 0x24 (size before relaxing)
 .literal.prvProcessReceivedCommands
                0x40080a34        0x8 freertos/libfreertos.a(timers.c.obj)
                                 0x40 (size before relaxing)
 .literal.prvTimerTask
                0x40080a3c        0x0 freertos/libfreertos.a(timers.c.obj)
                                  0xc (size before relaxing)
 .literal       0x40080a3c        0x0 freertos/libfreertos.a(xtensa_context.S.obj)
                                 0x24 (size before relaxing)
 .literal._xt_tick_divisor_init
                0x40080a3c        0x4 freertos/libfreertos.a(xtensa_init.c.obj)
                                  0xc (size before relaxing)
 .literal.xt_unhandled_interrupt
                0x40080a40        0x4 freertos/libfreertos.a(xtensa_intr.c.obj)
                                  0x8 (size before relaxing)
 .literal.xt_set_interrupt_handler
                0x40080a44        0x8 freertos/libfreertos.a(xtensa_intr.c.obj)
                                  0xc (size before relaxing)
 .literal.get_prev_free_block
                0x40080a4c       0x10 heap/libheap.a(multi_heap.c.obj)
                                 0x28 (size before relaxing)
 .literal.split_if_necessary
                0x40080a5c       0x10 heap/libheap.a(multi_heap.c.obj)
                                 0x50 (size before relaxing)
 .literal.assert_valid_block
                0x40080a6c        0x0 heap/libheap.a(multi_heap.c.obj)
                                 0x2c (size before relaxing)
 .literal.merge_adjacent
                0x40080a6c        0x8 heap/libheap.a(multi_heap.c.obj)
                                 0x4c (size before relaxing)
 .literal.multi_heap_get_allocated_size_impl
                0x40080a74        0x0 heap/libheap.a(multi_heap.c.obj)
                                 0x10 (size before relaxing)
 .literal.multi_heap_malloc_impl
                0x40080a74        0x0 heap/libheap.a(multi_heap.c.obj)
                                 0x28 (size before relaxing)
 .literal.multi_heap_free_impl
                0x40080a74        0x0 heap/libheap.a(multi_heap.c.obj)
                                 0x50 (size before relaxing)
 .literal.multi_heap_realloc_impl
                0x40080a74        0x8 heap/libheap.a(multi_heap.c.obj)
                                 0x68 (size before relaxing)
 .literal.panicPutChar
                0x40080a7c        0x4 esp32/libesp32.a(panic.c.obj)
                                  0x8 (size before relaxing)
 .literal.panicPutStr
                0x40080a80        0x0 esp32/libesp32.a(panic.c.obj)
                                  0x4 (size before relaxing)
 .literal.panicPutHex
                0x40080a80        0x0 esp32/libesp32.a(panic.c.obj)
                                  0x8 (size before relaxing)
 .literal.panicPutDec
                0x40080a80        0x4 esp32/libesp32.a(panic.c.obj)
                                 0x10 (size before relaxing)
 .literal.illegal_instruction_helper
                0x40080a84       0x18 esp32/libesp32.a(panic.c.obj)
                                 0x3c (size before relaxing)
 .literal.reconfigureAllWdts
                0x40080a9c       0x10 esp32/libesp32.a(panic.c.obj)
                                 0x24 (size before relaxing)
 .literal.putEntry
                0x40080aac        0xc esp32/libesp32.a(panic.c.obj)
                                 0x20 (size before relaxing)
 .literal.doBacktrace
                0x40080ab8       0x10 esp32/libesp32.a(panic.c.obj)
                                 0x24 (size before relaxing)
 .literal.invoke_abort
                0x40080ac8        0x4 esp32/libesp32.a(panic.c.obj)
                                  0x8 (size before relaxing)
 .literal.haltOtherCore
                0x40080acc        0x0 esp32/libesp32.a(panic.c.obj)
                                  0x4 (size before relaxing)
 .literal.commonErrorHandler_dump
                0x40080acc       0x2c esp32/libesp32.a(panic.c.obj)
                                 0x90 (size before relaxing)
 .literal.esp_panic_dig_reset
                0x40080af8        0x0 esp32/libesp32.a(panic.c.obj)
                                 0x18 (size before relaxing)
 .literal.commonErrorHandler
                0x40080af8        0x8 esp32/libesp32.a(panic.c.obj)
                                 0x4c (size before relaxing)
 .literal.esp_error_check_failed_print
                0x40080b00       0x14 esp32/libesp32.a(panic.c.obj)
                                 0x2c (size before relaxing)
 .literal.abort
                0x40080b14        0x8 esp32/libesp32.a(panic.c.obj)
                                 0x18 (size before relaxing)
 .literal.vApplicationStackOverflowHook
                0x40080b1c        0x8 esp32/libesp32.a(panic.c.obj)
                                 0x18 (size before relaxing)
 .literal.panicHandler
                0x40080b24       0x34 esp32/libesp32.a(panic.c.obj)
                                 0xa8 (size before relaxing)
 .literal.xt_unhandled_exception
                0x40080b58       0x18 esp32/libesp32.a(panic.c.obj)
                                 0x68 (size before relaxing)
 .literal._esp_error_check_failed
                0x40080b70        0x4 esp32/libesp32.a(panic.c.obj)
                                  0xc (size before relaxing)
 .literal.rtc_clk_32k_enable_common
                0x40080b74       0x14 soc/libsoc.a(rtc_clk.c.obj)
 .literal.rtc_clk_bbpll_disable
                0x40080b88        0xc soc/libsoc.a(rtc_clk.c.obj)
                                 0x10 (size before relaxing)
 .literal.rtc_clk_bbpll_enable
                0x40080b94        0x8 soc/libsoc.a(rtc_clk.c.obj)
                                 0x1c (size before relaxing)
 .literal.rtc_clk_32k_enable
                0x40080b9c        0x8 soc/libsoc.a(rtc_clk.c.obj)
                                 0x10 (size before relaxing)
 .literal.rtc_clk_32k_enable_external
                0x40080ba4        0x0 soc/libsoc.a(rtc_clk.c.obj)
                                  0x4 (size before relaxing)
 .literal.rtc_clk_8m_enable
                0x40080ba4        0xc soc/libsoc.a(rtc_clk.c.obj)
                                 0x10 (size before relaxing)
 .literal.rtc_clk_slow_freq_set
                0x40080bb0        0x0 soc/libsoc.a(rtc_clk.c.obj)
                                  0xc (size before relaxing)
 .literal.rtc_clk_slow_freq_get
                0x40080bb0        0x0 soc/libsoc.a(rtc_clk.c.obj)
                                  0x4 (size before relaxing)
 .literal.rtc_clk_slow_freq_get_hz
                0x40080bb0        0xc soc/libsoc.a(rtc_clk.c.obj)
                                 0x10 (size before relaxing)
 .literal.rtc_clk_fast_freq_set
                0x40080bbc        0x4 soc/libsoc.a(rtc_clk.c.obj)
                                  0xc (size before relaxing)
 .literal.rtc_clk_bbpll_configure
                0x40080bc0        0xc soc/libsoc.a(rtc_clk.c.obj)
                                 0x3c (size before relaxing)
 .literal.rtc_clk_xtal_freq_get
                0x40080bcc        0x8 soc/libsoc.a(rtc_clk.c.obj)
 .literal.rtc_clk_cpu_freq_mhz_to_config
                0x40080bd4        0x0 soc/libsoc.a(rtc_clk.c.obj)
                                  0x4 (size before relaxing)
 .literal.rtc_clk_cpu_freq_get_config
                0x40080bd4       0x10 soc/libsoc.a(rtc_clk.c.obj)
                                 0x34 (size before relaxing)
 .literal.rtc_clk_apb_freq_update
                0x40080be4        0x4 soc/libsoc.a(rtc_clk.c.obj)
 .literal.rtc_clk_cpu_freq_to_xtal
                0x40080be8        0xc soc/libsoc.a(rtc_clk.c.obj)
                                 0x30 (size before relaxing)
 .literal.rtc_clk_cpu_freq_set_xtal
                0x40080bf4        0x0 soc/libsoc.a(rtc_clk.c.obj)
                                 0x10 (size before relaxing)
 .literal.rtc_clk_cpu_freq_to_pll_mhz
                0x40080bf4        0xc soc/libsoc.a(rtc_clk.c.obj)
                                 0x3c (size before relaxing)
 .literal.rtc_clk_cpu_freq_to_8m
                0x40080c00        0x4 soc/libsoc.a(rtc_clk.c.obj)
                                 0x28 (size before relaxing)
 .literal.rtc_clk_cpu_freq_set_config
                0x40080c04        0x0 soc/libsoc.a(rtc_clk.c.obj)
                                 0x30 (size before relaxing)
 .literal.rtc_clk_apb_freq_get
                0x40080c04        0x4 soc/libsoc.a(rtc_clk.c.obj)
                                 0x10 (size before relaxing)
 .literal.rtc_init
                0x40080c08       0x7c soc/libsoc.a(rtc_init.c.obj)
                                 0xdc (size before relaxing)
 .literal.rtc_clk_cal_internal
                0x40080c84       0x2c soc/libsoc.a(rtc_time.c.obj)
                                 0x68 (size before relaxing)
 .literal.rtc_clk_cal
                0x40080cb0        0x0 soc/libsoc.a(rtc_time.c.obj)
                                  0xc (size before relaxing)
 .literal.rtc_time_get
                0x40080cb0       0x10 soc/libsoc.a(rtc_time.c.obj)
                                 0x18 (size before relaxing)
 .literal.rtc_clk_wait_for_slow_cycle
                0x40080cc0        0x8 soc/libsoc.a(rtc_time.c.obj)
                                 0x20 (size before relaxing)
 .literal.rtc_wdt_get_protect_status
                0x40080cc8        0x8 soc/libsoc.a(rtc_wdt.c.obj)
 .literal.rtc_wdt_protect_off
                0x40080cd0        0x0 soc/libsoc.a(rtc_wdt.c.obj)
                                  0x8 (size before relaxing)
 .literal.rtc_wdt_protect_on
                0x40080cd0        0x0 soc/libsoc.a(rtc_wdt.c.obj)
                                  0x4 (size before relaxing)
 .literal.rtc_wdt_enable
                0x40080cd0        0xc soc/libsoc.a(rtc_wdt.c.obj)
                                 0x10 (size before relaxing)
 .literal.rtc_wdt_flashboot_mode_enable
                0x40080cdc        0x0 soc/libsoc.a(rtc_wdt.c.obj)
                                  0x4 (size before relaxing)
 .literal.rtc_wdt_feed
                0x40080cdc        0x0 soc/libsoc.a(rtc_wdt.c.obj)
                                 0x14 (size before relaxing)
 .literal.rtc_wdt_set_time
                0x40080cdc       0x14 soc/libsoc.a(rtc_wdt.c.obj)
                                 0x20 (size before relaxing)
 .literal.rtc_wdt_set_stage
                0x40080cf0        0x8 soc/libsoc.a(rtc_wdt.c.obj)
                                 0x14 (size before relaxing)
 .literal.rtc_wdt_disable
                0x40080cf8        0x0 soc/libsoc.a(rtc_wdt.c.obj)
                                 0x2c (size before relaxing)
 .literal.rtc_wdt_set_length_of_reset_signal
                0x40080cf8        0x4 soc/libsoc.a(rtc_wdt.c.obj)
                                  0xc (size before relaxing)
 .literal.rtc_wdt_is_on
                0x40080cfc        0x0 soc/libsoc.a(rtc_wdt.c.obj)
                                  0x4 (size before relaxing)
 .literal       0x40080cfc        0x0 C:/Users/erind/OneDrive/Desktop/esp-idf/components/esp32/libhal.a(windowspill_asm.o)
                                  0x4 (size before relaxing)
 .literal.esp_rom_spiflash_read_status
                0x40080cfc       0x10 spi_flash/libspi_flash.a(spi_flash_rom_patch.c.obj)
                                 0x14 (size before relaxing)
 .literal.esp_rom_spiflash_wait_idle
                0x40080d0c        0x8 spi_flash/libspi_flash.a(spi_flash_rom_patch.c.obj)
                                  0xc (size before relaxing)
 .literal.esp_rom_spiflash_erase_block_internal
                0x40080d14        0x4 spi_flash/libspi_flash.a(spi_flash_rom_patch.c.obj)
                                 0x18 (size before relaxing)
 .literal.esp_rom_spiflash_erase_sector_internal
                0x40080d18        0x0 spi_flash/libspi_flash.a(spi_flash_rom_patch.c.obj)
                                 0x18 (size before relaxing)
 .literal.esp_rom_spiflash_read_data
                0x40080d18       0x1c spi_flash/libspi_flash.a(spi_flash_rom_patch.c.obj)
                                 0x34 (size before relaxing)
 .literal.esp_rom_spiflash_enable_write
                0x40080d34        0x0 spi_flash/libspi_flash.a(spi_flash_rom_patch.c.obj)
                                 0x10 (size before relaxing)
 .literal.esp_rom_spiflash_program_page_internal
                0x40080d34       0x10 spi_flash/libspi_flash.a(spi_flash_rom_patch.c.obj)
                                 0x40 (size before relaxing)
 .literal.esp_rom_spiflash_read_statushigh
                0x40080d44        0x4 spi_flash/libspi_flash.a(spi_flash_rom_patch.c.obj)
                                  0xc (size before relaxing)
 .literal.esp_rom_spiflash_write_status
                0x40080d48        0x4 spi_flash/libspi_flash.a(spi_flash_rom_patch.c.obj)
                                 0x14 (size before relaxing)
 .literal.esp_rom_spiflash_unlock
                0x40080d4c        0x4 spi_flash/libspi_flash.a(spi_flash_rom_patch.c.obj)
                                 0x28 (size before relaxing)
 .literal.esp_rom_spiflash_erase_block
                0x40080d50        0xc spi_flash/libspi_flash.a(spi_flash_rom_patch.c.obj)
                                 0x20 (size before relaxing)
 .literal.esp_rom_spiflash_erase_sector
                0x40080d5c        0x0 spi_flash/libspi_flash.a(spi_flash_rom_patch.c.obj)
                                 0x20 (size before relaxing)
 .literal.esp_rom_spiflash_write
                0x40080d5c        0x0 spi_flash/libspi_flash.a(spi_flash_rom_patch.c.obj)
                                 0x28 (size before relaxing)
 .literal.esp_rom_spiflash_write_encrypted
                0x40080d5c        0xc spi_flash/libspi_flash.a(spi_flash_rom_patch.c.obj)
                                 0x10 (size before relaxing)
 .literal.esp_rom_spiflash_read
                0x40080d68       0x30 spi_flash/libspi_flash.a(spi_flash_rom_patch.c.obj)
                                 0x5c (size before relaxing)
 .iram1         0x40080d98      0x28e esp32/libesp32.a(cpu_start.c.obj)
                                0x346 (size before relaxing)
                0x40080d98                start_cpu0_default
                0x40080d98                start_cpu0
                0x40080e64                start_cpu1
                0x40080e64                start_cpu1_default
                0x40080ee4                call_start_cpu0
 *fill*         0x40081026        0x2 
 .iram1         0x40081028       0xb0 esp32/libesp32.a(crosscore_int.c.obj)
                                 0xc0 (size before relaxing)
                0x400810c0                esp_crosscore_int_send_yield
                0x400810cc                esp_crosscore_int_send_freq_switch
 .iram1         0x400810d8      0x1e3 esp32/libesp32.a(dport_access.c.obj)
                                0x1ef (size before relaxing)
                0x400810d8                esp_dport_access_stall_other_cpu_start
                0x40081188                esp_dport_access_stall_other_cpu_end
                0x40081204                esp_dport_access_stall_other_cpu_start_wrap
                0x4008120c                esp_dport_access_stall_other_cpu_end_wrap
                0x40081214                esp_dport_access_int_pause
                0x40081238                esp_dport_access_int_abort
                0x4008124c                esp_dport_access_int_resume
                0x40081270                esp_dport_access_reg_read
                0x40081288                esp_dport_access_sequence_reg_read
                0x40081294                esp_dport_access_read_buffer
 *fill*         0x400812bb        0x1 
 .iram1         0x400812bc       0xde esp32/libesp32.a(dport_panic_highint_hdl.S.obj)
                                 0xe6 (size before relaxing)
                0x400812bc                xt_highint4
                0x4008139a                ld_include_panic_highint_hdl
 *fill*         0x4008139a        0x2 
 .iram1         0x4008139c      0x203 esp32/libesp32.a(esp_timer.c.obj)
                                0x21b (size before relaxing)
                0x400814b8                esp_timer_stop
                0x400814dc                esp_timer_get_next_alarm
                0x400814fc                esp_timer_get_time
                0x4008150c                esp_timer_start_once
                0x40081550                esp_timer_start_periodic
 *fill*         0x4008159f        0x1 
 .iram1         0x400815a0      0x477 esp32/libesp32.a(esp_timer_esp32.c.obj)
                                0x487 (size before relaxing)
                0x400816b8                esp_timer_impl_get_time
                0x40081818                esp_timer_impl_set_alarm
                0x4008195c                esp_timer_impl_update_apb_freq
                0x40081a0c                esp_timer_impl_get_min_period_us
 *fill*         0x40081a17        0x1 
 .iram1         0x40081a18       0x53 esp32/libesp32.a(int_wdt.c.obj)
 *fill*         0x40081a6b        0x1 
 .iram1         0x40081a6c      0x2b6 esp32/libesp32.a(intr_alloc.c.obj)
                                0x2ce (size before relaxing)
                0x40081aa8                esp_intr_set_in_iram
                0x40081b30                esp_intr_enable
                0x40081bb8                esp_intr_disable
                0x40081c80                esp_intr_noniram_disable
                0x40081ccc                esp_intr_noniram_enable
                0x40081d0c                ets_isr_unmask
                0x40081d18                ets_isr_mask
 *fill*         0x40081d22        0x2 
 .iram1         0x40081d24       0x7f esp32/libesp32.a(ipc.c.obj)
                                 0x8b (size before relaxing)
 *fill*         0x40081da3        0x1 
 .iram1         0x40081da4      0x195 esp32/libesp32.a(system_api.c.obj)
                                0x1e0 (size before relaxing)
                0x40081da4                esp_restart_noos
                0x40081f18                system_restart
                0x40081f18                esp_restart
 *fill*         0x40081f39        0x3 
 .iram1         0x40081f3c       0x2c esp32/libesp32.a(cache_err_int.c.obj)
                                 0x34 (size before relaxing)
                0x40081f3c                esp_cache_err_get_cpuid
 .iram1         0x40081f68       0x47 esp32/libesp32.a(clk.c.obj)
                                 0x4b (size before relaxing)
                0x40081f68                esp_clk_cpu_freq
                0x40081f78                esp_clk_apb_freq
                0x40081f90                esp_clk_xtal_freq
                0x40081fa0                ets_update_cpu_frequency
 *fill*         0x40081faf        0x1 
 .iram1         0x40081fb0       0x27 esp32/libesp32.a(freertos_hooks.c.obj)
                0x40081fb0                esp_vApplicationTickHook
 *fill*         0x40081fd7        0x1 
 .iram1         0x40081fd8       0x18 main/libmain.a(gpio_example_main.c.obj)
 .iram1         0x40081ff0      0x11a soc/libsoc.a(cpu_util.c.obj)
                0x40081ff0                esp_cpu_stall
                0x40082084                esp_cpu_unstall
                0x400820d8                esp_cpu_reset
                0x400820fc                esp_cpu_in_ocd_debug_mode
 *fill*         0x4008210a        0x2 
 .iram1         0x4008210c      0x18a log/liblog.a(log.c.obj)
                                0x19a (size before relaxing)
                0x4008210c                esp_log_write
                0x4008223c                esp_log_early_timestamp
                0x40082258                esp_log_timestamp
 *fill*         0x40082296        0x2 
 .iram1         0x40082298      0x411 heap/libheap.a(heap_caps.c.obj)
                                0x431 (size before relaxing)
                0x40082330                heap_caps_malloc
                0x400823e0                heap_caps_malloc_default
                0x40082424                heap_caps_malloc_prefer
                0x4008247c                heap_caps_free
                0x400824b4                heap_caps_realloc
                0x40082568                heap_caps_realloc_default
                0x400825c0                heap_caps_realloc_prefer
                0x40082624                heap_caps_calloc
                0x40082654                heap_caps_calloc_prefer
 *fill*         0x400826a9        0x3 
 .iram1         0x400826ac       0x1a freertos/libfreertos.a(port.c.obj)
                0x400826ac                xPortInterruptedFromISRContext
 *fill*         0x400826c6        0x2 
 .iram1         0x400826c8      0x504 freertos/libfreertos.a(xtensa_vectors.S.obj)
                                0x524 (size before relaxing)
                0x400826c8                _xt_panic
                0x400827f0                _xt_user_exit
                0x40082b08                _xt_medint2_exit
                0x40082bb8                _xt_medint3_exit
 .iram1         0x40082bcc       0x2e freertos/libfreertos.a(xtensa_vector_defaults.S.obj)
                                 0x32 (size before relaxing)
                0x40082bcc                xt_debugexception
                0x40082bec                xt_highint5
                0x40082bf4                xt_nmi
                0x40082bf4                _xt_nmi
 *fill*         0x40082bfa        0x2 
 .iram1         0x40082bfc      0x1cc newlib/libnewlib.a(locks.c.obj)
                                0x210 (size before relaxing)
                0x40082d14                _lock_init
                0x40082d24                _lock_init_recursive
                0x40082d34                _lock_close
                0x40082d34                _lock_close_recursive
                0x40082d70                _lock_acquire
                0x40082d80                _lock_acquire_recursive
                0x40082d90                _lock_try_acquire
                0x40082da0                _lock_try_acquire_recursive
                0x40082db0                _lock_release
                0x40082dbc                _lock_release_recursive
 .iram1         0x40082dc8       0x3c newlib/libnewlib.a(reent_init.c.obj)
                0x40082dc8                esp_reent_init
 .iram1         0x40082e04       0x5a newlib/libnewlib.a(syscalls.c.obj)
                                 0x62 (size before relaxing)
                0x40082e04                _malloc_r
                0x40082e10                _free_r
                0x40082e1c                _realloc_r
                0x40082e30                _calloc_r
 *fill*         0x40082e5e        0x2 
 .iram1         0x40082e60       0x70 newlib/libnewlib.a(time.c.obj)
                                 0x74 (size before relaxing)
                0x40082e60                _gettimeofday_r
                0x40082ea8                _times_r
 .iram1         0x40082ed0       0x92 driver/libdriver.a(gpio.c.obj)
                0x40082ed0                gpio_intr_service
 *fill*         0x40082f62        0x2 
 .iram1         0x40082f64      0x2f4 spi_flash/libspi_flash.a(cache_utils.c.obj)
                                0x340 (size before relaxing)
                0x40082fc8                spi_flash_op_block_func
                0x40083074                spi_flash_disable_interrupts_caches_and_other_cpu
                0x40083154                spi_flash_enable_interrupts_caches_and_other_cpu
                0x400831ec                spi_flash_disable_interrupts_caches_and_other_cpu_no_os
                0x40083218                spi_flash_enable_interrupts_caches_no_os
                0x40083234                spi_flash_cache_enabled
 .iram1         0x40083258      0x74a spi_flash/libspi_flash.a(flash_ops.c.obj)
                                0x76a (size before relaxing)
                0x400832c8                spi_flash_guard_set
                0x400832d4                spi_flash_guard_get
                0x400832e0                spi_flash_get_chip_size
                0x400832ec                spi_flash_erase_range
                0x400833ac                spi_flash_erase_sector
                0x400833dc                spi_flash_write
                0x400835b0                spi_flash_read
                0x40083848                spi_flash_read_encrypted
                0x40083890                spi_flash_write_encrypted
 *fill*         0x400839a2        0x2 
 .iram1         0x400839a4      0x5c3 spi_flash/libspi_flash.a(flash_mmap.c.obj)
                                0x60f (size before relaxing)
                0x40083af8                spi_flash_mmap_pages
                0x40083d3c                spi_flash_mmap
                0x40083db0                spi_flash_munmap
                0x40083e54                spi_flash_mmap_get_free_pages
                0x40083ea8                spi_flash_mark_modified_region
                0x40083ef4                spi_flash_phys2cache
 *fill*         0x40083f67        0x1 
 .iram1         0x40083f68       0x20 esp32/libesp32.a(dbg_stubs.c.obj)
 *fill*         0x40083f88        0x0 
 *fill*         0x40083f88        0x0 
 *fill*         0x40083f88        0x0 
 *fill*         0x40083f88        0x0 
 *fill*         0x40083f88        0x0 
 *fill*         0x40083f88        0x0 
 *fill*         0x40083f88        0x0 
 *fill*         0x40083f88        0x0 
 *fill*         0x40083f88        0x0 
 *fill*         0x40083f88        0x0 
 *fill*         0x40083f88        0x0 
 *fill*         0x40083f88        0x0 
 *fill*         0x40083f88        0x0 
 *fill*         0x40083f88        0x0 
 *fill*         0x40083f88        0x0 
 *fill*         0x40083f88        0x0 
 *fill*         0x40083f88        0x0 
 *libesp_ringbuf.a:(.literal .text .literal.* .text.*)
 .text.prvGetFreeSize
                0x40083f88       0x3c esp_ringbuf/libesp_ringbuf.a(ringbuf.c.obj)
                                 0x40 (size before relaxing)
 .text.prvReceiveGeneric
                0x40083fc4      0x128 esp_ringbuf/libesp_ringbuf.a(ringbuf.c.obj)
                                0x13c (size before relaxing)
 .text.xRingbufferSend
                0x400840ec       0xfd esp_ringbuf/libesp_ringbuf.a(ringbuf.c.obj)
                                0x111 (size before relaxing)
                0x400840ec                xRingbufferSend
 *fill*         0x400841e9        0x3 
 .text.xRingbufferReceive
                0x400841ec       0x45 esp_ringbuf/libesp_ringbuf.a(ringbuf.c.obj)
                0x400841ec                xRingbufferReceive
 *fill*         0x40084231        0x3 
 .text.vRingbufferReturnItem
                0x40084234       0x5a esp_ringbuf/libesp_ringbuf.a(ringbuf.c.obj)
                                 0x66 (size before relaxing)
                0x40084234                vRingbufferReturnItem
 *fill*         0x4008428e        0x2 
 .text.prvCheckItemAvail
                0x40084290       0x34 esp_ringbuf/libesp_ringbuf.a(ringbuf.c.obj)
 *fill*         0x400842c4        0x0 
 *fill*         0x400842c4        0x0 
 *libfreertos.a:(.literal .text .literal.* .text.*)
 .text.vPortTaskWrapper
                0x400842c4       0x26 freertos/libfreertos.a(port.c.obj)
                                 0x32 (size before relaxing)
 *fill*         0x400842ea        0x2 
 .text.pxPortInitialiseStack
                0x400842ec       0x8a freertos/libfreertos.a(port.c.obj)
                0x400842ec                pxPortInitialiseStack
 *fill*         0x40084376        0x2 
 .text.xPortStartScheduler
                0x40084378       0x22 freertos/libfreertos.a(port.c.obj)
                                 0x2e (size before relaxing)
                0x40084378                xPortStartScheduler
 *fill*         0x4008439a        0x2 
 .text.xPortSysTickHandler
                0x4008439c       0x10 freertos/libfreertos.a(port.c.obj)
                                 0x16 (size before relaxing)
                0x4008439c                xPortSysTickHandler
 *fill*         0x400843ac        0x0 
 .text.vPortYieldOtherCore
                0x400843ac        0xa freertos/libfreertos.a(port.c.obj)
                                  0xe (size before relaxing)
                0x400843ac                vPortYieldOtherCore
 *fill*         0x400843b6        0x2 
 .text.vPortReleaseTaskMPUSettings
                0x400843b8        0xa freertos/libfreertos.a(port.c.obj)
                                  0xe (size before relaxing)
                0x400843b8                vPortReleaseTaskMPUSettings
 *fill*         0x400843c2        0x2 
 .text.xPortInIsrContext
                0x400843c4       0x26 freertos/libfreertos.a(port.c.obj)
                0x400843c4                xPortInIsrContext
 *fill*         0x400843ea        0x2 
 .text.vPortCPUInitializeMutex
                0x400843ec        0xe freertos/libfreertos.a(port.c.obj)
                0x400843ec                vPortCPUInitializeMutex
 *fill*         0x400843fa        0x2 
 .text.vPortCPUAcquireMutex
                0x400843fc       0x81 freertos/libfreertos.a(port.c.obj)
                                 0x88 (size before relaxing)
                0x400843fc                vPortCPUAcquireMutex
 *fill*         0x4008447d        0x3 
 .text.vPortCPUReleaseMutex
                0x40084480       0x4d freertos/libfreertos.a(port.c.obj)
                                 0x50 (size before relaxing)
                0x40084480                vPortCPUReleaseMutex
 *fill*         0x400844cd        0x3 
 .text          0x400844d0      0x1d4 freertos/libfreertos.a(portasm.S.obj)
                                0x1e0 (size before relaxing)
                0x400844d0                _frxt_setup_switch
                0x400844e8                _frxt_int_enter
                0x4008452c                _frxt_int_exit
                0x4008457c                _frxt_timer_int
                0x400845a4                _frxt_tick_timer_init
                0x400845c0                _frxt_dispatch
                0x4008460c                vPortYield
                0x40084658                vPortYieldFromInt
                0x40084678                _frxt_task_coproc_state
 .text.prvIsQueueFull
                0x400846a4       0x2a freertos/libfreertos.a(queue.c.obj)
 *fill*         0x400846ce        0x2 
 .text.prvCopyDataToQueue
                0x400846d0       0x9e freertos/libfreertos.a(queue.c.obj)
 *fill*         0x4008476e        0x2 
 .text.prvNotifyQueueSetContainer
                0x40084770       0x77 freertos/libfreertos.a(queue.c.obj)
                                 0x8a (size before relaxing)
 *fill*         0x400847e7        0x1 
 .text.prvCopyDataFromQueue
                0x400847e8       0x24 freertos/libfreertos.a(queue.c.obj)
 .text.xQueueGenericReset
                0x4008480c       0x86 freertos/libfreertos.a(queue.c.obj)
                                 0x96 (size before relaxing)
                0x4008480c                xQueueGenericReset
 *fill*         0x40084892        0x2 
 .text.prvInitialiseNewQueue
                0x40084894       0x1f freertos/libfreertos.a(queue.c.obj)
                                 0x23 (size before relaxing)
 *fill*         0x400848b3        0x1 
 .text.xQueueGenericCreate
                0x400848b4       0x49 freertos/libfreertos.a(queue.c.obj)
                                 0x4d (size before relaxing)
                0x400848b4                xQueueGenericCreate
 *fill*         0x400848fd        0x3 
 .text.xQueueGetMutexHolder
                0x40084900       0x23 freertos/libfreertos.a(queue.c.obj)
                0x40084900                xQueueGetMutexHolder
 *fill*         0x40084923        0x1 
 .text.xQueueCreateCountingSemaphore
                0x40084924       0x66 freertos/libfreertos.a(queue.c.obj)
                                 0x6a (size before relaxing)
                0x40084924                xQueueCreateCountingSemaphore
 *fill*         0x4008498a        0x2 
 .text.xQueueGenericSend
                0x4008498c      0x158 freertos/libfreertos.a(queue.c.obj)
                                0x18c (size before relaxing)
                0x4008498c                xQueueGenericSend
 .text.prvInitialiseMutex
                0x40084ae4       0x22 freertos/libfreertos.a(queue.c.obj)
                                 0x26 (size before relaxing)
 *fill*         0x40084b06        0x2 
 .text.xQueueCreateMutex
                0x40084b08       0x16 freertos/libfreertos.a(queue.c.obj)
                                 0x1a (size before relaxing)
                0x40084b08                xQueueCreateMutex
 *fill*         0x40084b1e        0x2 
 .text.xQueueGiveMutexRecursive
                0x40084b20       0x48 freertos/libfreertos.a(queue.c.obj)
                                 0x4c (size before relaxing)
                0x40084b20                xQueueGiveMutexRecursive
 .text.xQueueGenericSendFromISR
                0x40084b68       0xd6 freertos/libfreertos.a(queue.c.obj)
                                 0xe6 (size before relaxing)
                0x40084b68                xQueueGenericSendFromISR
 *fill*         0x40084c3e        0x2 
 .text.xQueueGiveFromISR
                0x40084c40       0xb6 freertos/libfreertos.a(queue.c.obj)
                                 0xc2 (size before relaxing)
                0x40084c40                xQueueGiveFromISR
 *fill*         0x40084cf6        0x2 
 .text.xQueueGenericReceive
                0x40084cf8      0x144 freertos/libfreertos.a(queue.c.obj)
                                0x178 (size before relaxing)
                0x40084cf8                xQueueGenericReceive
 .text.xQueueTakeMutexRecursive
                0x40084e3c       0x51 freertos/libfreertos.a(queue.c.obj)
                0x40084e3c                xQueueTakeMutexRecursive
 *fill*         0x40084e8d        0x3 
 .text.xQueueReceiveFromISR
                0x40084e90       0x96 freertos/libfreertos.a(queue.c.obj)
                                 0xa6 (size before relaxing)
                0x40084e90                xQueueReceiveFromISR
 *fill*         0x40084f26        0x2 
 .text.vQueueDelete
                0x40084f28       0x28 freertos/libfreertos.a(queue.c.obj)
                0x40084f28                vQueueDelete
 .text.vQueueWaitForMessageRestricted
                0x40084f50       0x23 freertos/libfreertos.a(queue.c.obj)
                                 0x2a (size before relaxing)
                0x40084f50                vQueueWaitForMessageRestricted
 *fill*         0x40084f73        0x1 
 .text.prvResetNextTaskUnblockTime
                0x40084f74       0x34 freertos/libfreertos.a(tasks.c.obj)
 .text.prvDeleteTLS
                0x40084fa8       0x40 freertos/libfreertos.a(tasks.c.obj)
 .text.prvInitialiseNewTask
                0x40084fe8       0xc4 freertos/libfreertos.a(tasks.c.obj)
                                 0xd0 (size before relaxing)
 .text.prvInitialiseTaskLists
                0x400850ac       0x5a freertos/libfreertos.a(tasks.c.obj)
                                 0x6e (size before relaxing)
 *fill*         0x40085106        0x2 
 .text.prvDeleteTCB
                0x40085108       0x56 freertos/libfreertos.a(tasks.c.obj)
                                 0x5d (size before relaxing)
 *fill*         0x4008515e        0x2 
 .text.prvAddCurrentTaskToDelayedList
                0x40085160       0x66 freertos/libfreertos.a(tasks.c.obj)
                                 0x6a (size before relaxing)
 *fill*         0x400851c6        0x2 
 .text.taskYIELD_OTHER_CORE
                0x400851c8       0x53 freertos/libfreertos.a(tasks.c.obj)
                0x400851c8                taskYIELD_OTHER_CORE
 *fill*         0x4008521b        0x1 
 .text.vTaskSuspendAll
                0x4008521c       0x26 freertos/libfreertos.a(tasks.c.obj)
                0x4008521c                vTaskSuspendAll
 *fill*         0x40085242        0x2 
 .text.xTaskGetTickCount
                0x40085244        0xd freertos/libfreertos.a(tasks.c.obj)
                0x40085244                xTaskGetTickCount
 *fill*         0x40085251        0x3 
 .text.xTaskGetIdleTaskHandleForCPU
                0x40085254       0x2a freertos/libfreertos.a(tasks.c.obj)
                                 0x2e (size before relaxing)
                0x40085254                xTaskGetIdleTaskHandleForCPU
 *fill*         0x4008527e        0x2 
 .text.vTaskSwitchContext
                0x40085280      0x2a2 freertos/libfreertos.a(tasks.c.obj)
                                0x2ae (size before relaxing)
                0x40085280                vTaskSwitchContext
 *fill*         0x40085522        0x2 
 .text.vTaskSetTimeOutState
                0x40085524       0x34 freertos/libfreertos.a(tasks.c.obj)
                0x40085524                vTaskSetTimeOutState
 .text.xTaskGetCurrentTaskHandle
                0x40085558       0x1f freertos/libfreertos.a(tasks.c.obj)
                0x40085558                xTaskGetCurrentTaskHandle
 *fill*         0x40085577        0x1 
 .text.__getreent
                0x40085578       0x19 freertos/libfreertos.a(tasks.c.obj)
                0x40085578                __getreent
 *fill*         0x40085591        0x3 
 .text.pcTaskGetTaskName
                0x40085594       0x2a freertos/libfreertos.a(tasks.c.obj)
                                 0x2d (size before relaxing)
                0x40085594                pcTaskGetTaskName
 *fill*         0x400855be        0x2 
 .text.xTaskGetAffinity
                0x400855c0       0x10 freertos/libfreertos.a(tasks.c.obj)
                                 0x13 (size before relaxing)
                0x400855c0                xTaskGetAffinity
 *fill*         0x400855d0        0x0 
 .text.xTaskGetCurrentTaskHandleForCPU
                0x400855d0       0x17 freertos/libfreertos.a(tasks.c.obj)
                0x400855d0                xTaskGetCurrentTaskHandleForCPU
 *fill*         0x400855e7        0x1 
 .text.xTaskGetSchedulerState
                0x400855e8       0x37 freertos/libfreertos.a(tasks.c.obj)
                0x400855e8                xTaskGetSchedulerState
 *fill*         0x4008561f        0x1 
 .text.vTaskEnterCritical
                0x40085620       0xac freertos/libfreertos.a(tasks.c.obj)
                                 0xb3 (size before relaxing)
                0x40085620                vTaskEnterCritical
 *fill*         0x400856cc        0x0 
 .text.vTaskExitCritical
                0x400856cc       0x77 freertos/libfreertos.a(tasks.c.obj)
                0x400856cc                vTaskExitCritical
 *fill*         0x40085743        0x1 
 .text.prvAddNewTaskToReadyList
                0x40085744      0x160 freertos/libfreertos.a(tasks.c.obj)
                                0x173 (size before relaxing)
 *fill*         0x400858a4        0x0 
 .text.xTaskCreatePinnedToCore
                0x400858a4       0x6e freertos/libfreertos.a(tasks.c.obj)
                                 0x76 (size before relaxing)
                0x400858a4                xTaskCreatePinnedToCore
 *fill*         0x40085912        0x2 
 .text.vTaskStartScheduler
                0x40085914       0x77 freertos/libfreertos.a(tasks.c.obj)
                                 0x82 (size before relaxing)
                0x40085914                vTaskStartScheduler
 *fill*         0x4008598b        0x1 
 .text.vTaskDelete
                0x4008598c      0x10a freertos/libfreertos.a(tasks.c.obj)
                                0x122 (size before relaxing)
                0x4008598c                vTaskDelete
 *fill*         0x40085a96        0x2 
 .text.vTaskDelay
                0x40085a98       0x74 freertos/libfreertos.a(tasks.c.obj)
                                 0x84 (size before relaxing)
                0x40085a98                vTaskDelay
 .text.uxTaskPriorityGet
                0x40085b0c       0x1c freertos/libfreertos.a(tasks.c.obj)
                                 0x23 (size before relaxing)
                0x40085b0c                uxTaskPriorityGet
 *fill*         0x40085b28        0x0 
 .text.vTaskPrioritySet
                0x40085b28      0x12d freertos/libfreertos.a(tasks.c.obj)
                                0x143 (size before relaxing)
                0x40085b28                vTaskPrioritySet
 *fill*         0x40085c55        0x3 
 .text.prvCheckTasksWaitingTermination
                0x40085c58       0xbe freertos/libfreertos.a(tasks.c.obj)
                                 0xc6 (size before relaxing)
 *fill*         0x40085d16        0x2 
 .text.prvIdleTask
                0x40085d18        0xc freertos/libfreertos.a(tasks.c.obj)
                                 0x12 (size before relaxing)
 *fill*         0x40085d24        0x0 
 .text.xTaskIncrementTick
                0x40085d24      0x1a6 freertos/libfreertos.a(tasks.c.obj)
                                0x1ba (size before relaxing)
                0x40085d24                xTaskIncrementTick
 *fill*         0x40085eca        0x2 
 .text.xTaskResumeAll
                0x40085ecc      0x17f freertos/libfreertos.a(tasks.c.obj)
                                0x18e (size before relaxing)
                0x40085ecc                xTaskResumeAll
 *fill*         0x4008604b        0x1 
 .text.vTaskPlaceOnEventList
                0x4008604c       0x8f freertos/libfreertos.a(tasks.c.obj)
                                 0xa3 (size before relaxing)
                0x4008604c                vTaskPlaceOnEventList
 *fill*         0x400860db        0x1 
 .text.vTaskPlaceOnEventListRestricted
                0x400860dc       0x6b freertos/libfreertos.a(tasks.c.obj)
                                 0x7f (size before relaxing)
                0x400860dc                vTaskPlaceOnEventListRestricted
 *fill*         0x40086147        0x1 
 .text.xTaskRemoveFromEventList
                0x40086148      0x134 freertos/libfreertos.a(tasks.c.obj)
                                0x143 (size before relaxing)
                0x40086148                xTaskRemoveFromEventList
 *fill*         0x4008627c        0x0 
 .text.xTaskCheckForTimeOut
                0x4008627c       0x89 freertos/libfreertos.a(tasks.c.obj)
                                 0x94 (size before relaxing)
                0x4008627c                xTaskCheckForTimeOut
 *fill*         0x40086305        0x3 
 .text.vTaskPriorityInherit
                0x40086308       0xc4 freertos/libfreertos.a(tasks.c.obj)
                                 0xdb (size before relaxing)
                0x40086308                vTaskPriorityInherit
 *fill*         0x400863cc        0x0 
 .text.xTaskPriorityDisinherit
                0x400863cc       0x97 freertos/libfreertos.a(tasks.c.obj)
                                 0xaa (size before relaxing)
                0x400863cc                xTaskPriorityDisinherit
 *fill*         0x40086463        0x1 
 .text.pvTaskIncrementMutexHeldCount
                0x40086464       0x50 freertos/libfreertos.a(tasks.c.obj)
                                 0x54 (size before relaxing)
                0x40086464                pvTaskIncrementMutexHeldCount
 .text.prvGetNextExpireTime
                0x400864b4       0x20 freertos/libfreertos.a(timers.c.obj)
 .text.prvInsertTimerInActiveList
                0x400864d4       0x50 freertos/libfreertos.a(timers.c.obj)
                                 0x54 (size before relaxing)
 .text.prvCheckForValidListAndQueue
                0x40086524       0x66 freertos/libfreertos.a(timers.c.obj)
                                 0x7e (size before relaxing)
 *fill*         0x4008658a        0x2 
 .text.xTimerCreateTimerTask
                0x4008658c       0x48 freertos/libfreertos.a(timers.c.obj)
                                 0x4c (size before relaxing)
                0x4008658c                xTimerCreateTimerTask
 .text.xTimerGenericCommand
                0x400865d4       0x55 freertos/libfreertos.a(timers.c.obj)
                                 0x5d (size before relaxing)
                0x400865d4                xTimerGenericCommand
 *fill*         0x40086629        0x3 
 .text.prvSwitchTimerLists
                0x4008662c       0x76 freertos/libfreertos.a(timers.c.obj)
                                 0x82 (size before relaxing)
 *fill*         0x400866a2        0x2 
 .text.prvSampleTimeNow
                0x400866a4       0x2b freertos/libfreertos.a(timers.c.obj)
                                 0x2f (size before relaxing)
 *fill*         0x400866cf        0x1 
 .text.prvProcessExpiredTimer
                0x400866d0       0x53 freertos/libfreertos.a(timers.c.obj)
                                 0x5f (size before relaxing)
 *fill*         0x40086723        0x1 
 .text.prvProcessTimerOrBlockTask
                0x40086724       0x58 freertos/libfreertos.a(timers.c.obj)
                                 0x6c (size before relaxing)
 .text.prvProcessReceivedCommands
                0x4008677c       0xd6 freertos/libfreertos.a(timers.c.obj)
                                 0xe6 (size before relaxing)
 *fill*         0x40086852        0x2 
 .text.prvTimerTask
                0x40086854       0x15 freertos/libfreertos.a(timers.c.obj)
                                 0x1d (size before relaxing)
 *fill*         0x40086869        0x3 
 .text          0x4008686c      0x132 freertos/libfreertos.a(xtensa_context.S.obj)
                                0x13a (size before relaxing)
                0x4008686c                _xt_context_save
                0x400868d4                _xt_context_restore
                0x40086918                _xt_coproc_init
                0x4008692c                _xt_coproc_release
                0x40086958                _xt_coproc_savecs
                0x4008697c                _xt_coproc_restorecs
 *fill*         0x4008699e        0x2 
 .text._xt_tick_divisor_init
                0x400869a0       0x1c freertos/libfreertos.a(xtensa_init.c.obj)
                                 0x1f (size before relaxing)
                0x400869a0                _xt_tick_divisor_init
 *fill*         0x400869bc        0x0 
 .text.xt_unhandled_interrupt
                0x400869bc       0x16 freertos/libfreertos.a(xtensa_intr.c.obj)
                0x400869bc                xt_unhandled_interrupt
 *fill*         0x400869d2        0x2 
 .text.xt_set_interrupt_handler
                0x400869d4       0x4a freertos/libfreertos.a(xtensa_intr.c.obj)
                0x400869d4                xt_set_interrupt_handler
 *fill*         0x40086a1e        0x0 
 *fill*         0x40086a1e        0x0 
 *fill*         0x40086a1e        0x0 
 *fill*         0x40086a1e        0x0 
 *fill*         0x40086a1e        0x0 
 *fill*         0x40086a1e        0x2 
 .text.vPortStoreTaskMPUSettings
                0x40086a20       0x13 freertos/libfreertos.a(port.c.obj)
                0x40086a20                vPortStoreTaskMPUSettings
 *fill*         0x40086a33        0x0 
 *fill*         0x40086a33        0x0 
 *fill*         0x40086a33        0x0 
 *fill*         0x40086a33        0x1 
 .text.prvIsQueueEmpty
                0x40086a34       0x12 freertos/libfreertos.a(queue.c.obj)
 *fill*         0x40086a46        0x0 
 *fill*         0x40086a46        0x0 
 *fill*         0x40086a46        0x0 
 *fill*         0x40086a46        0x0 
 *fill*         0x40086a46        0x0 
 *fill*         0x40086a46        0x0 
 *fill*         0x40086a46        0x0 
 *fill*         0x40086a46        0x0 
 *fill*         0x40086a46        0x0 
 *fill*         0x40086a46        0x0 
 *fill*         0x40086a46        0x0 
 *fill*         0x40086a46        0x0 
 *fill*         0x40086a46        0x0 
 *fill*         0x40086a46        0x0 
 *fill*         0x40086a46        0x0 
 *fill*         0x40086a46        0x0 
 *fill*         0x40086a46        0x0 
 *fill*         0x40086a46        0x0 
 *fill*         0x40086a46        0x0 
 *fill*         0x40086a46        0x0 
 *fill*         0x40086a46        0x0 
 *fill*         0x40086a46        0x0 
 *fill*         0x40086a46        0x0 
 *fill*         0x40086a46        0x0 
 *fill*         0x40086a46        0x0 
 *fill*         0x40086a46        0x0 
 *fill*         0x40086a46        0x0 
 *fill*         0x40086a46        0x0 
 *fill*         0x40086a46        0x0 
 *fill*         0x40086a46        0x0 
 *fill*         0x40086a46        0x0 
 *fill*         0x40086a46        0x0 
 *fill*         0x40086a46        0x0 
 *fill*         0x40086a46        0x0 
 *fill*         0x40086a46        0x0 
 *fill*         0x40086a46        0x0 
 *fill*         0x40086a46        0x0 
 *fill*         0x40086a46        0x0 
 *fill*         0x40086a46        0x0 
 *fill*         0x40086a46        0x0 
 *fill*         0x40086a46        0x0 
 *fill*         0x40086a46        0x0 
 *fill*         0x40086a46        0x0 
 *fill*         0x40086a46        0x0 
 *fill*         0x40086a46        0x0 
 *fill*         0x40086a46        0x0 
 *fill*         0x40086a46        0x0 
 *fill*         0x40086a46        0x0 
 *fill*         0x40086a46        0x0 
 *fill*         0x40086a46        0x0 
 *fill*         0x40086a46        0x0 
 *fill*         0x40086a46        0x0 
 *fill*         0x40086a46        0x0 
 *fill*         0x40086a46        0x0 
 *fill*         0x40086a46        0x0 
 *fill*         0x40086a46        0x0 
 *fill*         0x40086a46        0x0 
 *fill*         0x40086a46        0x2 
 .text          0x40086a48       0x33 freertos/libfreertos.a(xtensa_intr_asm.S.obj)
                0x40086a48                xt_ints_on
                0x40086a60                xt_ints_off
 *fill*         0x40086a7b        0x1 
 .text.vListInitialise
                0x40086a7c       0x15 freertos/libfreertos.a(list.c.obj)
                0x40086a7c                vListInitialise
 *fill*         0x40086a91        0x3 
 .text.vListInitialiseItem
                0x40086a94        0x9 freertos/libfreertos.a(list.c.obj)
                0x40086a94                vListInitialiseItem
 *fill*         0x40086a9d        0x3 
 .text.vListInsertEnd
                0x40086aa0       0x1b freertos/libfreertos.a(list.c.obj)
                0x40086aa0                vListInsertEnd
 *fill*         0x40086abb        0x1 
 .text.vListInsert
                0x40086abc       0x2f freertos/libfreertos.a(list.c.obj)
                0x40086abc                vListInsert
 *fill*         0x40086aeb        0x1 
 .text.uxListRemove
                0x40086aec       0x26 freertos/libfreertos.a(list.c.obj)
                0x40086aec                uxListRemove
 *libheap.a:multi_heap.*(.literal .text .literal.* .text.*)
 *fill*         0x40086b12        0x2 
 .text.get_prev_free_block
                0x40086b14       0x68 heap/libheap.a(multi_heap.c.obj)
                                 0x77 (size before relaxing)
 *fill*         0x40086b7c        0x0 
 .text.split_if_necessary
                0x40086b7c      0x138 heap/libheap.a(multi_heap.c.obj)
                                0x148 (size before relaxing)
 .text.assert_valid_block
                0x40086cb4       0xb0 heap/libheap.a(multi_heap.c.obj)
                                 0xb4 (size before relaxing)
 .text.merge_adjacent
                0x40086d64      0x12c heap/libheap.a(multi_heap.c.obj)
                                0x140 (size before relaxing)
 .text.multi_heap_get_allocated_size_impl
                0x40086e90       0x38 heap/libheap.a(multi_heap.c.obj)
                                 0x3c (size before relaxing)
                0x40086e90                multi_heap_get_allocated_size_impl
                0x40086e90                multi_heap_get_allocated_size
 .text.multi_heap_malloc_impl
                0x40086ec8      0x110 heap/libheap.a(multi_heap.c.obj)
                                0x120 (size before relaxing)
                0x40086ec8                multi_heap_malloc_impl
                0x40086ec8                multi_heap_malloc
 .text.multi_heap_free_impl
                0x40086fd8      0x130 heap/libheap.a(multi_heap.c.obj)
                                0x14c (size before relaxing)
                0x40086fd8                multi_heap_free_impl
                0x40086fd8                multi_heap_free
 .text.multi_heap_realloc_impl
                0x40087108      0x258 heap/libheap.a(multi_heap.c.obj)
                                0x274 (size before relaxing)
                0x40087108                multi_heap_realloc_impl
                0x40087108                multi_heap_realloc
 *fill*         0x40087360        0x0 
 *fill*         0x40087360        0x0 
 .text.multi_heap_register_impl
                0x40087360       0x5e heap/libheap.a(multi_heap.c.obj)
                0x40087360                multi_heap_register
                0x40087360                multi_heap_register_impl
 *fill*         0x400873be        0x2 
 .text.multi_heap_set_lock
                0x400873c0        0x7 heap/libheap.a(multi_heap.c.obj)
                0x400873c0                multi_heap_set_lock
 *fill*         0x400873c7        0x0 
 *libheap.a:multi_heap_poisoning.*(.literal .text .literal.* .text.*)
 *libesp32.a:panic.*(.literal .text .literal.* .text.*)
 *fill*         0x400873c7        0x1 
 .text.panicPutChar
                0x400873c8       0x1e esp32/libesp32.a(panic.c.obj)
 *fill*         0x400873e6        0x2 
 .text.panicPutStr
                0x400873e8       0x1a esp32/libesp32.a(panic.c.obj)
 *fill*         0x40087402        0x2 
 .text.panicPutHex
                0x40087404       0x2c esp32/libesp32.a(panic.c.obj)
                                 0x2f (size before relaxing)
 *fill*         0x40087430        0x0 
 .text.panicPutDec
                0x40087430       0x3c esp32/libesp32.a(panic.c.obj)
                                 0x46 (size before relaxing)
 *fill*         0x4008746c        0x0 
 .text.illegal_instruction_helper
                0x4008746c       0x57 esp32/libesp32.a(panic.c.obj)
                                 0x73 (size before relaxing)
 *fill*         0x400874c3        0x1 
 .text.reconfigureAllWdts
                0x400874c4       0xa8 esp32/libesp32.a(panic.c.obj)
 .text.putEntry
                0x4008756c       0x2b esp32/libesp32.a(panic.c.obj)
                                 0x37 (size before relaxing)
 *fill*         0x40087597        0x1 
 .text.doBacktrace
                0x40087598       0x71 esp32/libesp32.a(panic.c.obj)
                                 0x78 (size before relaxing)
 *fill*         0x40087609        0x3 
 .text.invoke_abort
                0x4008760c       0x1d esp32/libesp32.a(panic.c.obj)
 *fill*         0x40087629        0x3 
 .text.haltOtherCore
                0x4008762c       0x18 esp32/libesp32.a(panic.c.obj)
 .text.commonErrorHandler_dump
                0x40087644       0xd6 esp32/libesp32.a(panic.c.obj)
                                0x116 (size before relaxing)
 *fill*         0x4008771a        0x2 
 .text.esp_panic_dig_reset
                0x4008771c       0x32 esp32/libesp32.a(panic.c.obj)
                                 0x36 (size before relaxing)
 *fill*         0x4008774e        0x2 
 .text.commonErrorHandler
                0x40087750       0x70 esp32/libesp32.a(panic.c.obj)
                                 0x9a (size before relaxing)
 *fill*         0x400877c0        0x0 
 .text.esp_error_check_failed_print
                0x400877c0       0x56 esp32/libesp32.a(panic.c.obj)
                                 0x5e (size before relaxing)
 *fill*         0x40087816        0x2 
 .text.abort    0x40087818       0x38 esp32/libesp32.a(panic.c.obj)
                                 0x3e (size before relaxing)
                0x40087818                abort
 *fill*         0x40087850        0x0 
 .text.vApplicationStackOverflowHook
                0x40087850       0x17 esp32/libesp32.a(panic.c.obj)
                                 0x23 (size before relaxing)
                0x40087850                vApplicationStackOverflowHook
 *fill*         0x40087867        0x1 
 .text.panicHandler
                0x40087868      0x167 esp32/libesp32.a(panic.c.obj)
                                0x19a (size before relaxing)
                0x40087868                panicHandler
 *fill*         0x400879cf        0x1 
 .text.xt_unhandled_exception
                0x400879d0       0x88 esp32/libesp32.a(panic.c.obj)
                                 0xb4 (size before relaxing)
                0x400879d0                xt_unhandled_exception
 .text._esp_error_check_failed
                0x40087a58       0x16 esp32/libesp32.a(panic.c.obj)
                                 0x1e (size before relaxing)
                0x40087a58                _esp_error_check_failed
 *fill*         0x40087a6e        0x0 
 *fill*         0x40087a6e        0x0 
 *fill*         0x40087a6e        0x0 
 *fill*         0x40087a6e        0x2 
 .text.setFirstBreakpoint
                0x40087a70       0x13 esp32/libesp32.a(panic.c.obj)
 *fill*         0x40087a83        0x0 
 *fill*         0x40087a83        0x0 
 *fill*         0x40087a83        0x0 
 *fill*         0x40087a83        0x0 
 *fill*         0x40087a83        0x0 
 *fill*         0x40087a83        0x0 
 *fill*         0x40087a83        0x0 
 *fill*         0x40087a83        0x1 
 .text.esp_reset_reason_set_hint
                0x40087a84        0x5 esp32/libesp32.a(panic.c.obj)
                0x40087a84                esp_reset_reason_set_hint
 *fill*         0x40087a89        0x3 
 .text.esp_reset_reason_get_hint
                0x40087a8c        0x7 esp32/libesp32.a(panic.c.obj)
                0x40087a8c                esp_reset_reason_get_hint
 *fill*         0x40087a93        0x0 
 *fill*         0x40087a93        0x0 
 *fill*         0x40087a93        0x0 
 *fill*         0x40087a93        0x0 
 *libesp32.a:core_dump.*(.literal .text .literal.* .text.*)
 *libnet80211.a:(.wifi0iram .wifi0iram.*)
 *libpp.a:(.wifi0iram .wifi0iram.*)
 *libapp_trace.a:(.literal .text .literal.* .text.*)
 *libxtensa-debug-module.a:eri.*(.literal .text .literal.* .text.*)
 *fill*         0x40087a93        0x1 
 .text.eri_write
                0x40087a94        0x8 xtensa-debug-module/libxtensa-debug-module.a(eri.c.obj)
                0x40087a94                eri_write
 *librtc.a:(.literal .text .literal.* .text.*)
 *libsoc.a:rtc_*.*(.literal .text .literal.* .text.*)
 .text.rtc_clk_32k_enable_common
                0x40087a9c       0x81 soc/libsoc.a(rtc_clk.c.obj)
 *fill*         0x40087b1d        0x3 
 .text.rtc_clk_bbpll_disable
                0x40087b20       0x3e soc/libsoc.a(rtc_clk.c.obj)
 *fill*         0x40087b5e        0x2 
 .text.rtc_clk_bbpll_enable
                0x40087b60       0x66 soc/libsoc.a(rtc_clk.c.obj)
 *fill*         0x40087bc6        0x2 
 .text.rtc_clk_32k_enable
                0x40087bc8       0x3d soc/libsoc.a(rtc_clk.c.obj)
                0x40087bc8                rtc_clk_32k_enable
 *fill*         0x40087c05        0x3 
 .text.rtc_clk_32k_enable_external
                0x40087c08        0xe soc/libsoc.a(rtc_clk.c.obj)
                                 0x12 (size before relaxing)
                0x40087c08                rtc_clk_32k_enable_external
 *fill*         0x40087c16        0x2 
 .text.rtc_clk_8m_enable
                0x40087c18       0x9b soc/libsoc.a(rtc_clk.c.obj)
                0x40087c18                rtc_clk_8m_enable
 *fill*         0x40087cb3        0x1 
 .text.rtc_clk_slow_freq_set
                0x40087cb4       0x48 soc/libsoc.a(rtc_clk.c.obj)
                0x40087cb4                rtc_clk_slow_freq_set
 .text.rtc_clk_slow_freq_get
                0x40087cfc       0x10 soc/libsoc.a(rtc_clk.c.obj)
                0x40087cfc                rtc_clk_slow_freq_get
 .text.rtc_clk_slow_freq_get_hz
                0x40087d0c       0x29 soc/libsoc.a(rtc_clk.c.obj)
                0x40087d0c                rtc_clk_slow_freq_get_hz
 *fill*         0x40087d35        0x3 
 .text.rtc_clk_fast_freq_set
                0x40087d38       0x2a soc/libsoc.a(rtc_clk.c.obj)
                0x40087d38                rtc_clk_fast_freq_set
 *fill*         0x40087d62        0x2 
 .text.rtc_clk_bbpll_configure
                0x40087d64      0x189 soc/libsoc.a(rtc_clk.c.obj)
                                0x18d (size before relaxing)
                0x40087d64                rtc_clk_bbpll_configure
 *fill*         0x40087eed        0x3 
 .text.rtc_clk_xtal_freq_get
                0x40087ef0       0x35 soc/libsoc.a(rtc_clk.c.obj)
                0x40087ef0                rtc_clk_xtal_freq_get
                0x40087ef0                rtc_get_xtal
 *fill*         0x40087f25        0x3 
 .text.rtc_clk_cpu_freq_mhz_to_config
                0x40087f28       0x61 soc/libsoc.a(rtc_clk.c.obj)
                0x40087f28                rtc_clk_cpu_freq_mhz_to_config
 *fill*         0x40087f89        0x3 
 .text.rtc_clk_cpu_freq_get_config
                0x40087f8c       0xa8 soc/libsoc.a(rtc_clk.c.obj)
                                 0xb8 (size before relaxing)
                0x40087f8c                rtc_clk_cpu_freq_get_config
 .text.rtc_clk_apb_freq_update
                0x40088034       0x19 soc/libsoc.a(rtc_clk.c.obj)
                0x40088034                rtc_clk_apb_freq_update
 *fill*         0x4008804d        0x3 
 .text.rtc_clk_cpu_freq_to_xtal
                0x40088050       0x93 soc/libsoc.a(rtc_clk.c.obj)
                                 0x9b (size before relaxing)
                0x40088050                rtc_clk_cpu_freq_to_xtal
 *fill*         0x400880e3        0x1 
 .text.rtc_clk_cpu_freq_set_xtal
                0x400880e4       0x13 soc/libsoc.a(rtc_clk.c.obj)
                                 0x1f (size before relaxing)
                0x400880e4                rtc_clk_cpu_freq_set_xtal
 *fill*         0x400880f7        0x1 
 .text.rtc_clk_cpu_freq_to_pll_mhz
                0x400880f8       0x88 soc/libsoc.a(rtc_clk.c.obj)
                                 0x94 (size before relaxing)
 .text.rtc_clk_cpu_freq_to_8m
                0x40088180       0x58 soc/libsoc.a(rtc_clk.c.obj)
                                 0x5c (size before relaxing)
 .text.rtc_clk_cpu_freq_set_config
                0x400881d8       0x5b soc/libsoc.a(rtc_clk.c.obj)
                                 0x76 (size before relaxing)
                0x400881d8                rtc_clk_cpu_freq_set_config
 *fill*         0x40088233        0x1 
 .text.rtc_clk_apb_freq_get
                0x40088234       0x27 soc/libsoc.a(rtc_clk.c.obj)
                0x40088234                rtc_clk_apb_freq_get
 *fill*         0x4008825b        0x1 
 .text.rtc_init
                0x4008825c      0x344 soc/libsoc.a(rtc_init.c.obj)
                                0x368 (size before relaxing)
                0x4008825c                rtc_init
 .text.rtc_clk_cal_internal
                0x400885a0      0x1c8 soc/libsoc.a(rtc_time.c.obj)
                                0x1d0 (size before relaxing)
 .text.rtc_clk_cal
                0x40088768       0x4e soc/libsoc.a(rtc_time.c.obj)
                                 0x52 (size before relaxing)
                0x40088768                rtc_clk_cal
 *fill*         0x400887b6        0x2 
 .text.rtc_time_get
                0x400887b8       0x50 soc/libsoc.a(rtc_time.c.obj)
                0x400887b8                rtc_time_get
 .text.rtc_clk_wait_for_slow_cycle
                0x40088808       0x79 soc/libsoc.a(rtc_time.c.obj)
                0x40088808                rtc_clk_wait_for_slow_cycle
 *fill*         0x40088881        0x3 
 .text.rtc_wdt_get_protect_status
                0x40088884       0x19 soc/libsoc.a(rtc_wdt.c.obj)
                0x40088884                rtc_wdt_get_protect_status
 *fill*         0x4008889d        0x3 
 .text.rtc_wdt_protect_off
                0x400888a0       0x10 soc/libsoc.a(rtc_wdt.c.obj)
                0x400888a0                rtc_wdt_protect_off
 .text.rtc_wdt_protect_on
                0x400888b0        0xf soc/libsoc.a(rtc_wdt.c.obj)
                0x400888b0                rtc_wdt_protect_on
 *fill*         0x400888bf        0x1 
 .text.rtc_wdt_enable
                0x400888c0       0x2b soc/libsoc.a(rtc_wdt.c.obj)
                0x400888c0                rtc_wdt_enable
 *fill*         0x400888eb        0x1 
 .text.rtc_wdt_flashboot_mode_enable
                0x400888ec       0x18 soc/libsoc.a(rtc_wdt.c.obj)
                0x400888ec                rtc_wdt_flashboot_mode_enable
 .text.rtc_wdt_feed